Olá, João!
0
1
2
3
4
x é maior que 5
Modelo: Fusca, Cor: Azul
16
