--- Iniciando Testes Abrangentes ---
--- Testando Literais e Expressões ---
123
98.76
Olá, Lox!
true
false
nil
7
9
0
-3
true
false
true
false
true
Condição verdadeira
Deve acontecer (OR)
while: 0
while: 1
while: 2
for: 0
for: 1
for: 2
Fibonacci de 7 é: 13
1
2
Assando um bolo de chocolate.
Cobertura: granulado
