X não é maior que Y
30
-10
11
12
2
10
false
true
true and false
true
X é maior que Y
Hello, world!
15
false
false
